gpasm-1.4.0 #1107 (May 18 2015)   ggtrack.asm   6-4-2016  00:36:25          PAGE  1


LOC    OBJECT CODE    LINE  SOURCE TEXT
  VALUE

                      00001 
                      00002    radix       dec
                      00003    list        p=16F628
                      00004    errorlevel  -302
                      00005 
                      00006    include     <p16f628.inc>
                      00001         LIST
                      00002 
                      00003 ;==========================================================================
                      00004 ; Build date : Aug 07 2014
                      00005 ;  MPASM PIC16F628 processor include
                      00006 ; 
                      00007 ;  (c) Copyright 1999-2014 Microchip Technology, All rights reserved
                      00008 ;==========================================================================
                      00009 
                      00382         LIST
                      00007 
2007   3F62           00008    __CONFIG    0x3f62
                      00009 
                      00010 
                      00011 #define FOSC  10000000
                      00012 #define F1200 (( FOSC / 4 / ( 18 * 1200 )) - 1 )
                      00013 #define F2200 (( FOSC / 4 / ( 18 * 2200 )) - 1 )
                      00014 
                      00015 
                      00016 ;;  - - - - - - - - -  ;;
                      00017 ;;  C O N S T A N T S  ;;
                      00018 ;;  - - - - - - - - -  ;;
                      00019 
                      00020    ; global registers
                      00021 
                      00022    cblock 0x70
  00000074            00023 
  00000070            00024       r_WSAVE     ; 0x70 - (ISR) backup for W
  00000071            00025       r_SSAVE     ; 0x71 - (ISR) backup for STATUS
  00000072            00026       r_PSAVE     ; 0x72 - (ISR) backup for PCLATH
  00000072            00027 
  00000073            00028       r_CNT       ; 0x73 - TMR2 counter
  00000074            00029       r_SAMPLE    ; 0x74 - sample #
  00000074            00030 
                      00031    endc
                      00032 
                      00033 
                      00034 ;;  - - - - - -  ;;
                      00035 ;;  M A C R O S  ;;
                      00036 ;;  - - - - - -  ;;
                      00037 
                      00038 mISREnter macro
                      00039 
                      00040    ; save W, STATUS and PCLATH registers
                      00041 
                      00042    movwf    r_WSAVE
                      00043    swapf    STATUS, W
gpasm-1.4.0 #1107 (May 18 2015)   ggtrack.asm   6-4-2016  00:36:25          PAGE  2


LOC    OBJECT CODE    LINE  SOURCE TEXT
  VALUE

                      00044    clrf     STATUS
                      00045    movwf    r_SSAVE
                      00046    movf     PCLATH, W
                      00047    clrf     PCLATH
                      00048    movwf    r_PSAVE
                      00049 
                      00050    endm
                      00051 
                      00052 
                      00053 mISRLeave macro
                      00054 
                      00055    ; restore W, STATUS and PCLATH registers
                      00056 
                      00057    movf     r_PSAVE, W
                      00058    movwf    PCLATH
                      00059    clrf     STATUS
                      00060    swapf    r_SSAVE, W
                      00061    movwf    STATUS
                      00062    swapf    r_WSAVE, F
                      00063    swapf    r_WSAVE, W
                      00064 
                      00065    endm
                      00066 
                      00067 
                      00068 ;;  - - - - - - - - - - - -  ;;
                      00069 ;;  R E S E T   V E C T O R  ;;
                      00070 ;;  - - - - - - - - - - - -  ;;
                      00071 
0000                  00072    org      0x0000
                      00073 
0000   2846           00074    goto     _main
                      00075 
                      00076 
                      00077 ;;  - - - - - - - - - - -  ;;
                      00078 ;;  I S R   H A N D L E R  ;;
                      00079 ;;  - - - - - - - - - - -  ;;
                      00080 
0004                  00081    org      0x0004
                      00082 
                      00083    mISREnter
                          M 
                          M    ; save W, STATUS and PCLATH registers
                          M 
0004   00F0               M    movwf    r_WSAVE
0005   0E03               M    swapf    STATUS, W
0006   0183               M    clrf     STATUS
0007   00F1               M    movwf    r_SSAVE
0008   080A               M    movf     PCLATH, W
0009   018A               M    clrf     PCLATH
000A   00F2               M    movwf    r_PSAVE
                          M 
                      00084 
                      00085    ; acknowledge TMR2 interrupt
gpasm-1.4.0 #1107 (May 18 2015)   ggtrack.asm   6-4-2016  00:36:25          PAGE  3


LOC    OBJECT CODE    LINE  SOURCE TEXT
  VALUE

                      00086 
000B   1283 1303      00087    banksel  PIR1 
000D   108C           00088    bcf      PIR1, TMR2IF
                      00089 
000E   0BF3           00090    decfsz   r_CNT, F
000F   2822           00091    goto     _dds
                      00092 
                      00093    ; counter == 0: one bit period
                      00094    ; -> send a pulse on RA3
                      00095    ; -> read RA4, set CNT and PR2 accordingly
                      00096 
0010   1283 1303      00097    banksel  PORTA
0012   1585           00098    bsf      PORTA, RA3
                      00099 
0013   1A05           00100    btfsc    PORTA, RA4
0014   2819           00101    goto     _hiRA4
                      00102 
0015                  00103 _loRA4:
                      00104 
                      00105    ; RA4 low: switch to 1200Hz
                      00106 
0015   3012           00107    movlw    18
0016   00F3           00108    movwf    r_CNT
0017   3072           00109    movlw    F1200
                      00110 
0018   281C           00111    goto     _setPR2
                      00112 
0019                  00113 _hiRA4:
                      00114 
                      00115    ; RA4 high: switch to 2200Hz
                      00116 
0019   3021           00117    movlw    33
001A   00F3           00118    movwf    r_CNT
001B   303E           00119    movlw    F2200
                      00120 
001C                  00121 _setPR2:
                      00122 
001C   1683 1303      00123    banksel  PR2
001E   0092           00124    movwf    PR2
                      00125 
001F   1283 1303      00126    banksel  RA3
0021   1185           00127    bcf      PORTA, RA3
                      00128 
0022                  00129 _dds:
                      00130 
                      00131    ; generate a sample on RB[3..0] 
                      00132 
0022   202E           00133    call     _sinv
0023   1283 1303      00134    banksel  PORTB
0025   0086           00135    movwf    PORTB
                      00136 
                      00137    mISRLeave
                          M 
gpasm-1.4.0 #1107 (May 18 2015)   ggtrack.asm   6-4-2016  00:36:25          PAGE  4


LOC    OBJECT CODE    LINE  SOURCE TEXT
  VALUE

                          M    ; restore W, STATUS and PCLATH registers
                          M 
0026   0872               M    movf     r_PSAVE, W
0027   008A               M    movwf    PCLATH
0028   0183               M    clrf     STATUS
0029   0E71               M    swapf    r_SSAVE, W
002A   0083               M    movwf    STATUS
002B   0EF0               M    swapf    r_WSAVE, F
002C   0E70               M    swapf    r_WSAVE, W
                          M 
                      00138 
002D   0009           00139    retfie
                      00140 
                      00141 
                      00142 ;;  - - - - - - - - - -  ;;
                      00143 ;;  S I N E   T A B L E  ;;
                      00144 ;;  - - - - - - - - - -  ;;
                      00145 
002E                  00146 _sinv:
                      00147 
002E   0B74           00148    decfsz   r_SAMPLE, W
002F   2831           00149    goto     _sinv_lookup
                      00150 
0030   3012           00151    movlw    18
                      00152 
0031                  00153 _sinv_lookup:
                      00154 
0031   00F4           00155    movwf    r_SAMPLE 
0032   0782           00156    addwf    PCL, F
                      00157 
0033   0000           00158    nop
0034   3405           00159    retlw     5    ; .....*
0035   3403           00160    retlw     3    ; ...*
0036   3401           00161    retlw     1    ; .*
0037   3400           00162    retlw     0    ; *
0038   3400           00163    retlw     0    ; *
0039   3401           00164    retlw     1    ; .*
003A   3403           00165    retlw     3    ; ...*
003B   3405           00166    retlw     5    ; .....*
003C   3408           00167    retlw     8    ; ........*
003D   340A           00168    retlw    10    ; ..........*
003E   340C           00169    retlw    12    ; ............*
003F   340E           00170    retlw    14    ; ..............*
0040   340F           00171    retlw    15    ; ...............*
0041   340F           00172    retlw    15    ; ...............*
0042   340E           00173    retlw    14    ; ..............*
0043   340C           00174    retlw    12    ; ............*
0044   340A           00175    retlw    10    ; ..........*
0045   3408           00176    retlw     8    ; ........*
                      00177 
                      00178 
                      00179 ;;  - - - -  ;;
                      00180 ;;  M A I N  ;;
gpasm-1.4.0 #1107 (May 18 2015)   ggtrack.asm   6-4-2016  00:36:25          PAGE  5


LOC    OBJECT CODE    LINE  SOURCE TEXT
  VALUE

                      00181 ;;  - - - -  ;;
                      00182 
0046                  00183 _main:
                      00184 
                      00185    ;;
                      00186    ;; initialization
                      00187    ;;
                      00188 
                      00189    ; clear status flags, switch to bank #0
                      00190 
0046   0183           00191    clrf     STATUS
                      00192 
                      00193    ; disable comparators
                      00194 
0047   3007           00195    movlw    0x07
0048   009F           00196    movwf    CMCON
                      00197 
                      00198    ; disable interrupts, clear all pending interrupt flags
                      00199 
0049   018B           00200    clrf     INTCON
                      00201 
                      00202    ; configure the I/O ports
                      00203 
004A   1683 1303      00204    banksel  TRISA
004C   30F7           00205    movlw    0xf7           ; RA3 = IN, others = OUT
004D   0085           00206    movwf    TRISA
004E   30B0           00207    movlw    0xb0           ; RB6 = IN, others = OUT
004F   0086           00208    movwf    TRISB
                      00209 
                      00210    ; enable pull-ups on PORTB inputs
                      00211 
0050   1781           00212    bsf      OPTION_REG, NOT_RBPU
                      00213 
                      00214    ; set outputs to logical low
                      00215 
0051   1283 1303      00216    banksel  PORTA
0053   0185           00217    clrf     PORTA
0054   0186           00218    clrf     PORTB
                      00219 
                      00220    ; setup TMR2
                      00221 
0055   1283 1303      00222    banksel  T2CON
0057   0192           00223    clrf     T2CON          ; set prescaler & postscaler to 1:1
                      00224 
0058   3072           00225    movlw    F1200
0059   1683 1303      00226    banksel  PR2
005B   0092           00227    movwf    PR2
                      00228 
005C   3012           00229    movlw    18
005D   00F3           00230    movwf    r_CNT
005E   00F4           00231    movwf    r_SAMPLE
                      00232 
005F   1283 1303      00233    banksel  TMR2
gpasm-1.4.0 #1107 (May 18 2015)   ggtrack.asm   6-4-2016  00:36:25          PAGE  6


LOC    OBJECT CODE    LINE  SOURCE TEXT
  VALUE

0061   0191           00234    clrf     TMR2
                      00235 
0062   1683 1303      00236    banksel  PIE1
0064   148C           00237    bsf      PIE1, TMR2IE
                      00238 
0065   1283 1303      00239    banksel  T2CON
0067   1512           00240    bsf      T2CON, TMR2ON  ; enable TMR2 interrupt
                      00241 
                      00242    ; enable interrupts
                      00243 
0068   178B           00244    bsf      INTCON, GIE    ; enable global interrupts
0069   170B           00245    bsf      INTCON, PEIE   ; enable peripheral interrupts
                      00246 
                      00247    ;;
                      00248    ;; main loop
                      00249    ;;
                      00250 
006A   286A           00251    goto     $
                      00252 
                      00253    end
gpasm-1.4.0 #1107 (May 18 2015)   ggtrack.asm   6-4-2016  00:36:25          PAGE  7


SYMBOL TABLE
  LABEL                             VALUE

ADDEN                             00000003
ADEN                              00000003
BRGH                              00000002
C                                 00000000
C1INV                             00000004
C1OUT                             00000006
C2INV                             00000005
C2OUT                             00000007
CCP1CON                           00000017
CCP1IE                            00000002
CCP1IF                            00000002
CCP1M0                            00000000
CCP1M1                            00000001
CCP1M2                            00000002
CCP1M3                            00000003
CCP1X                             00000005
CCP1Y                             00000004
CCPR1                             00000015
CCPR1H                            00000016
CCPR1L                            00000015
CIS                               00000003
CM0                               00000000
CM1                               00000001
CM2                               00000002
CMCON                             0000001F
CMIE                              00000006
CMIF                              00000006
CREN                              00000004
CSRC                              00000007
DATA_CP_OFF                       00003FFF
DATA_CP_ON                        00003EFF
DC                                00000001
EEADR                             0000009B
EECON1                            0000009C
EECON2                            0000009D
EEDATA                            0000009A
EEIE                              00000007
EEIF                              00000007
F                                 00000001
F1200                             (( FOSC / 4 / ( 18 * 1200 )) - 1 )
F2200                             (( FOSC / 4 / ( 18 * 2200 )) - 1 )
FERR                              00000002
FOSC                              10000000
FSR                               00000004
GIE                               00000007
INDF                              00000000
INTCON                            0000000B
INTE                              00000004
INTEDG                            00000006
INTF                              00000001
IRP                               00000007
NOT_BO                            00000000
NOT_BOD                           00000000
gpasm-1.4.0 #1107 (May 18 2015)   ggtrack.asm   6-4-2016  00:36:25          PAGE  8


SYMBOL TABLE
  LABEL                             VALUE 

NOT_BOR                           00000000
NOT_PD                            00000003
NOT_POR                           00000001
NOT_RBPU                          00000007
NOT_T1SYNC                        00000002
NOT_TO                            00000004
OERR                              00000001
OPTION_REG                        00000081
OSCF                              00000003
PCL                               00000002
PCLATH                            0000000A
PCON                              0000008E
PEIE                              00000006
PIE1                              0000008C
PIR1                              0000000C
PORTA                             00000005
PORTB                             00000006
PR2                               00000092
PS0                               00000000
PS1                               00000001
PS2                               00000002
PSA                               00000003
RA0                               00000000
RA1                               00000001
RA2                               00000002
RA3                               00000003
RA4                               00000004
RA5                               00000005
RA6                               00000006
RA7                               00000007
RB0                               00000000
RB1                               00000001
RB2                               00000002
RB3                               00000003
RB4                               00000004
RB5                               00000005
RB6                               00000006
RB7                               00000007
RBIE                              00000003
RBIF                              00000000
RCIE                              00000005
RCIF                              00000005
RCREG                             0000001A
RCSTA                             00000018
RD                                00000000
RP0                               00000005
RP1                               00000006
RX9                               00000006
RX9D                              00000000
SPBRG                             00000099
SPEN                              00000007
SREN                              00000005
STATUS                            00000003
gpasm-1.4.0 #1107 (May 18 2015)   ggtrack.asm   6-4-2016  00:36:25          PAGE  9


SYMBOL TABLE
  LABEL                             VALUE 

SYNC                              00000004
T0CS                              00000005
T0IE                              00000005
T0IF                              00000002
T0SE                              00000004
T1CKPS0                           00000004
T1CKPS1                           00000005
T1CON                             00000010
T1OSCEN                           00000003
T2CKPS0                           00000000
T2CKPS1                           00000001
T2CON                             00000012
TMR0                              00000001
TMR0IE                            00000005
TMR0IF                            00000002
TMR1                              0000000E
TMR1CS                            00000001
TMR1H                             0000000F
TMR1IE                            00000000
TMR1IF                            00000000
TMR1L                             0000000E
TMR1ON                            00000000
TMR2                              00000011
TMR2IE                            00000001
TMR2IF                            00000001
TMR2ON                            00000002
TOUTPS0                           00000003
TOUTPS1                           00000004
TOUTPS2                           00000005
TOUTPS3                           00000006
TRISA                             00000085
TRISA0                            00000000
TRISA1                            00000001
TRISA2                            00000002
TRISA3                            00000003
TRISA4                            00000004
TRISA5                            00000005
TRISA6                            00000006
TRISA7                            00000007
TRISB                             00000086
TRISB0                            00000000
TRISB1                            00000001
TRISB2                            00000002
TRISB3                            00000003
TRISB4                            00000004
TRISB5                            00000005
TRISB6                            00000006
TRISB7                            00000007
TRMT                              00000001
TX9                               00000006
TX9D                              00000000
TXEN                              00000005
TXIE                              00000004
gpasm-1.4.0 #1107 (May 18 2015)   ggtrack.asm   6-4-2016  00:36:25          PAGE 10


SYMBOL TABLE
  LABEL                             VALUE 

TXIF                              00000004
TXREG                             00000019
TXSTA                             00000098
VR0                               00000000
VR1                               00000001
VR2                               00000002
VR3                               00000003
VRCON                             0000009F
VREN                              00000007
VROE                              00000006
VRR                               00000005
W                                 00000000
WR                                00000001
WREN                              00000002
WRERR                             00000003
Z                                 00000002
_BODEN_OFF                        00003FBF
_BODEN_ON                         00003FFF
_BOREN_OFF                        00003FBF
_BOREN_ON                         00003FFF
_CONFIG                           00002007
_CPD_OFF                          00003FFF
_CPD_ON                           00003EFF
_CP_50                            00002BFF
_CP_75                            000017FF
_CP_ALL                           000003FF
_CP_OFF                           00003FFF
_DEVID1                           00002006
_ER_OSC_CLKOUT                    00003FFF
_ER_OSC_NOCLKOUT                  00003FFE
_EXTCLK_OSC                       00003FEF
_FOSC_ECIO                        00003FEF
_FOSC_ERCLK                       00003FFF
_FOSC_ERIO                        00003FFE
_FOSC_HS                          00003FEE
_FOSC_INTOSCCLK                   00003FFD
_FOSC_INTOSCIO                    00003FFC
_FOSC_LP                          00003FEC
_FOSC_XT                          00003FED
_HS_OSC                           00003FEE
_IDLOC0                           00002000
_IDLOC1                           00002001
_IDLOC2                           00002002
_IDLOC3                           00002003
_INTRC_OSC_CLKOUT                 00003FFD
_INTRC_OSC_NOCLKOUT               00003FFC
_LP_OSC                           00003FEC
_LVP_OFF                          00003F7F
_LVP_ON                           00003FFF
_MCLRE_OFF                        00003FDF
_MCLRE_ON                         00003FFF
_PWRTE_OFF                        00003FFF
_PWRTE_ON                         00003FF7
gpasm-1.4.0 #1107 (May 18 2015)   ggtrack.asm   6-4-2016  00:36:25          PAGE 11


SYMBOL TABLE
  LABEL                             VALUE 

_WDTE_OFF                         00003FFB
_WDTE_ON                          00003FFF
_WDT_OFF                          00003FFB
_WDT_ON                           00003FFF
_XT_OSC                           00003FED
__16F628                          00000001
__CODE_END                        000007FF
__CODE_START                      00000000
__COMMON_RAM_END                  0000007F
__COMMON_RAM_START                00000070
__EEPROM_END                      0000217F
__EEPROM_START                    00002100
__VECTOR_INT                      00000004
__VECTOR_RESET                    00000000
_dds                              00000022
_hiRA4                            00000019
_loRA4                            00000015
_main                             00000046
_setPR2                           0000001C
_sinv                             0000002E
_sinv_lookup                      00000031
mISREnter                         
mISRLeave                         
r_CNT                             00000073
r_PSAVE                           00000072
r_SAMPLE                          00000074
r_SSAVE                           00000071
r_WSAVE                           00000070


MEMORY USAGE MAP ('X' = Used,  '-' = Unused)

0000 : X---XXXXXXXXXXXX XXXXXXXXXXXXXXXX XXXXXXXXXXXXXXXX XXXXXXXXXXXXXXXX
0040 : XXXXXXXXXXXXXXXX XXXXXXXXXXXXXXXX XXXXXXXXXXX----- ----------------
2000 : -------X-------- ---------------- ---------------- ----------------

All other memory blocks unused.

Program Memory Words Used:   104
Program Memory Words Free:  1944


Errors   :     0
Warnings :     0 reported,     0 suppressed
Messages :     0 reported,     6 suppressed

